// Jest Snapshot v1, https://goo.gl/fbAQLP

exports[`App renders App component 1`] = `
<div>
  <div
    class="wrapper"
  >
    <label
      for="search"
    >
      Search by File Name
      <input
        id="search"
        type="text"
        value=""
      />
    </label>
    <table
      data-testid="documents-table"
    >
      <thead>
        <tr>
          <th
            class="default"
          >
            Name
          </th>
          <th
            class="default"
          >
            Type
          </th>
          <th
            class="default"
          >
            Size
          </th>
          <th
            class="default"
          >
            Date Added
          </th>
        </tr>
      </thead>
      <tbody>
        <tr>
          <td
            class="document-name"
            data-testid="documents-name"
            style="padding-left: 15px;"
          >
            <svg
              fill="currentColor"
              height="1em"
              stroke="currentColor"
              stroke-width="0"
              viewBox="0 0 1024 1024"
              width="1em"
              xmlns="http://www.w3.org/2000/svg"
            >
              <path
                d="M531.3 574.4l.3-1.4c5.8-23.9 13.1-53.7 7.4-80.7-3.8-21.3-19.5-29.6-32.9-30.2-15.8-.7-29.9 8.3-33.4 21.4-6.6 24-.7 56.8 10.1 98.6-13.6 32.4-35.3 79.5-51.2 107.5-29.6 15.3-69.3 38.9-75.2 68.7-1.2 5.5.2 12.5 3.5 18.8 3.7 7 9.6 12.4 16.5 15 3 1.1 6.6 2 10.8 2 17.6 0 46.1-14.2 84.1-79.4 5.8-1.9 11.8-3.9 17.6-5.9 27.2-9.2 55.4-18.8 80.9-23.1 28.2 15.1 60.3 24.8 82.1 24.8 21.6 0 30.1-12.8 33.3-20.5 5.6-13.5 2.9-30.5-6.2-39.6-13.2-13-45.3-16.4-95.3-10.2-24.6-15-40.7-35.4-52.4-65.8zM421.6 726.3c-13.9 20.2-24.4 30.3-30.1 34.7 6.7-12.3 19.8-25.3 30.1-34.7zm87.6-235.5c5.2 8.9 4.5 35.8.5 49.4-4.9-19.9-5.6-48.1-2.7-51.4.8.1 1.5.7 2.2 2zm-1.6 120.5c10.7 18.5 24.2 34.4 39.1 46.2-21.6 4.9-41.3 13-58.9 20.2-4.2 1.7-8.3 3.4-12.3 5 13.3-24.1 24.4-51.4 32.1-71.4zm155.6 65.5c.1.2.2.5-.4.9h-.2l-.2.3c-.8.5-9 5.3-44.3-8.6 40.6-1.9 45 7.3 45.1 7.4zm191.4-388.2L639.4 73.4c-6-6-14.1-9.4-22.6-9.4H192c-17.7 0-32 14.3-32 32v832c0 17.7 14.3 32 32 32h640c17.7 0 32-14.3 32-32V311.3c0-8.5-3.4-16.7-9.4-22.7zM790.2 326H602V137.8L790.2 326zm1.8 562H232V136h302v216a42 42 0 0 0 42 42h216v494z"
              />
            </svg>
            Employee Handbook
          </td>
          <td>
            pdf
          </td>
          <td>
            123
          </td>
          <td>
            2017-01-06
          </td>
        </tr>
        <tr>
          <td
            class="document-name"
            data-testid="documents-name"
            style="padding-left: 15px;"
          >
            <svg
              fill="currentColor"
              height="1em"
              stroke="currentColor"
              stroke-width="0"
              viewBox="0 0 1024 1024"
              width="1em"
              xmlns="http://www.w3.org/2000/svg"
            >
              <path
                d="M531.3 574.4l.3-1.4c5.8-23.9 13.1-53.7 7.4-80.7-3.8-21.3-19.5-29.6-32.9-30.2-15.8-.7-29.9 8.3-33.4 21.4-6.6 24-.7 56.8 10.1 98.6-13.6 32.4-35.3 79.5-51.2 107.5-29.6 15.3-69.3 38.9-75.2 68.7-1.2 5.5.2 12.5 3.5 18.8 3.7 7 9.6 12.4 16.5 15 3 1.1 6.6 2 10.8 2 17.6 0 46.1-14.2 84.1-79.4 5.8-1.9 11.8-3.9 17.6-5.9 27.2-9.2 55.4-18.8 80.9-23.1 28.2 15.1 60.3 24.8 82.1 24.8 21.6 0 30.1-12.8 33.3-20.5 5.6-13.5 2.9-30.5-6.2-39.6-13.2-13-45.3-16.4-95.3-10.2-24.6-15-40.7-35.4-52.4-65.8zM421.6 726.3c-13.9 20.2-24.4 30.3-30.1 34.7 6.7-12.3 19.8-25.3 30.1-34.7zm87.6-235.5c5.2 8.9 4.5 35.8.5 49.4-4.9-19.9-5.6-48.1-2.7-51.4.8.1 1.5.7 2.2 2zm-1.6 120.5c10.7 18.5 24.2 34.4 39.1 46.2-21.6 4.9-41.3 13-58.9 20.2-4.2 1.7-8.3 3.4-12.3 5 13.3-24.1 24.4-51.4 32.1-71.4zm155.6 65.5c.1.2.2.5-.4.9h-.2l-.2.3c-.8.5-9 5.3-44.3-8.6 40.6-1.9 45 7.3 45.1 7.4zm191.4-388.2L639.4 73.4c-6-6-14.1-9.4-22.6-9.4H192c-17.7 0-32 14.3-32 32v832c0 17.7 14.3 32 32 32h640c17.7 0 32-14.3 32-32V311.3c0-8.5-3.4-16.7-9.4-22.7zM790.2 326H602V137.8L790.2 326zm1.8 562H232V136h302v216a42 42 0 0 0 42 42h216v494z"
              />
            </svg>
            Public Holiday policy
          </td>
          <td>
            pdf
          </td>
          <td>
            125
          </td>
          <td>
            2016-12-06
          </td>
        </tr>
        <tr>
          <td
            class="document-name"
            data-testid="documents-name"
            style="padding-left: 15px;"
          >
            <svg
              fill="currentColor"
              height="1em"
              stroke="currentColor"
              stroke-width="0"
              viewBox="0 0 1024 1024"
              width="1em"
              xmlns="http://www.w3.org/2000/svg"
            >
              <path
                d="M531.3 574.4l.3-1.4c5.8-23.9 13.1-53.7 7.4-80.7-3.8-21.3-19.5-29.6-32.9-30.2-15.8-.7-29.9 8.3-33.4 21.4-6.6 24-.7 56.8 10.1 98.6-13.6 32.4-35.3 79.5-51.2 107.5-29.6 15.3-69.3 38.9-75.2 68.7-1.2 5.5.2 12.5 3.5 18.8 3.7 7 9.6 12.4 16.5 15 3 1.1 6.6 2 10.8 2 17.6 0 46.1-14.2 84.1-79.4 5.8-1.9 11.8-3.9 17.6-5.9 27.2-9.2 55.4-18.8 80.9-23.1 28.2 15.1 60.3 24.8 82.1 24.8 21.6 0 30.1-12.8 33.3-20.5 5.6-13.5 2.9-30.5-6.2-39.6-13.2-13-45.3-16.4-95.3-10.2-24.6-15-40.7-35.4-52.4-65.8zM421.6 726.3c-13.9 20.2-24.4 30.3-30.1 34.7 6.7-12.3 19.8-25.3 30.1-34.7zm87.6-235.5c5.2 8.9 4.5 35.8.5 49.4-4.9-19.9-5.6-48.1-2.7-51.4.8.1 1.5.7 2.2 2zm-1.6 120.5c10.7 18.5 24.2 34.4 39.1 46.2-21.6 4.9-41.3 13-58.9 20.2-4.2 1.7-8.3 3.4-12.3 5 13.3-24.1 24.4-51.4 32.1-71.4zm155.6 65.5c.1.2.2.5-.4.9h-.2l-.2.3c-.8.5-9 5.3-44.3-8.6 40.6-1.9 45 7.3 45.1 7.4zm191.4-388.2L639.4 73.4c-6-6-14.1-9.4-22.6-9.4H192c-17.7 0-32 14.3-32 32v832c0 17.7 14.3 32 32 32h640c17.7 0 32-14.3 32-32V311.3c0-8.5-3.4-16.7-9.4-22.7zM790.2 326H602V137.8L790.2 326zm1.8 562H232V136h302v216a42 42 0 0 0 42 42h216v494z"
              />
            </svg>
            personal leave policy
          </td>
          <td>
            pdf
          </td>
          <td>
            125
          </td>
          <td>
            2016-12-06
          </td>
        </tr>
        <tr>
          <td
            class="document-name"
            data-testid="documents-name"
            style="padding-left: 15px;"
          >
            <svg
              class="type-folder"
              fill="currentColor"
              height="1em"
              stroke="currentColor"
              stroke-width="0"
              viewBox="0 0 1024 1024"
              width="1em"
              xmlns="http://www.w3.org/2000/svg"
            >
              <path
                d="M880 298.4H521L403.7 186.2a8.15 8.15 0 0 0-5.5-2.2H144c-17.7 0-32 14.3-32 32v592c0 17.7 14.3 32 32 32h736c17.7 0 32-14.3 32-32V330.4c0-17.7-14.3-32-32-32zM840 768H184V256h188.5l119.6 114.4H840V768z"
              />
            </svg>
            Expenses
          </td>
          <td>
            folder
          </td>
          <td>
            340
          </td>
          <td />
        </tr>
        <tr>
          <td
            class="document-name"
            data-testid="documents-name"
            style="padding-left: 15px;"
          >
            <svg
              fill="currentColor"
              height="1em"
              stroke="currentColor"
              stroke-width="0"
              viewBox="0 0 24 24"
              width="1em"
              xmlns="http://www.w3.org/2000/svg"
            >
              <path
                d="M4.99787498,8.99999999 L4.99787498,0.999999992 L19.4999998,0.999999992 L22.9999998,4.50000005 L23,23 L4,23 M18,1 L18,6 L23,6 M7,13 C7,13 6.00000004,13 5,13 C3.99999996,13 3,13.5 3,14.5 L3,16 C3,16 3.00000001,16.5 3,17.5 C2.99999999,18.5 4,19 5,19 L7,19 M13.25,13 C13.25,13 12.25,13 10.75,13 C9.25,13 8.75,13.5 8.75,14.5 C8.75,15.5 9.25,16 10.75,16 C12.25,16 12.75,16.5 12.75,17.5 C12.75,18.5 12.25,19 10.75,19 C9.25,19 8.25,19 8.25,19 M20.5,12 C20.5,12 20.5,12 20.5,12.5 C20.5,13 18,19 18,19 L17.5,19 C17.5,19 15,13 15,12.5 L15,12"
                fill="none"
                stroke="#000"
                stroke-width="2"
              />
            </svg>
            Cost centres
          </td>
          <td>
            csv
          </td>
          <td>
            110
          </td>
          <td>
            2016-08-12
          </td>
        </tr>
        <tr>
          <td
            class="document-name"
            data-testid="documents-name"
            style="padding-left: 15px;"
          >
            <svg
              class="type-folder"
              fill="currentColor"
              height="1em"
              stroke="currentColor"
              stroke-width="0"
              viewBox="0 0 1024 1024"
              width="1em"
              xmlns="http://www.w3.org/2000/svg"
            >
              <path
                d="M880 298.4H521L403.7 186.2a8.15 8.15 0 0 0-5.5-2.2H144c-17.7 0-32 14.3-32 32v592c0 17.7 14.3 32 32 32h736c17.7 0 32-14.3 32-32V330.4c0-17.7-14.3-32-32-32zM840 768H184V256h188.5l119.6 114.4H840V768z"
              />
            </svg>
            Misc
          </td>
          <td>
            folder
          </td>
          <td>
            1220
          </td>
          <td />
        </tr>
      </tbody>
    </table>
  </div>
</div>
`;
